// Vitest Snapshot v1, https://vitest.dev/guide/snapshot.html

exports[`InsulinWave API Canary > public keys unchanged from baseline 1`] = `
[
  "ADAPTIVE_DEFICIT_CONFIG",
  "AGE_BONUS",
  "ALCOHOL_BONUS",
  "AUC_CONFIG",
  "AUTOPHAGY_TIMER",
  "BMI_BONUS",
  "CAFFEINE_BONUS",
  "CIRCADIAN_CONFIG",
  "CIRCADIAN_MULTIPLIERS",
  "COLD_EXPOSURE_BONUS",
  "FASTING_BONUS",
  "FAT_BONUS",
  "FIBER_BONUS",
  "FOOD_FORM_BONUS",
  "FOOD_TEMPERATURE_BONUS",
  "GENDER_BONUS",
  "GI_CATEGORIES",
  "GL_CATEGORIES",
  "GL_CONTINUOUS",
  "HYDRATION_BONUS",
  "INSULINOGENIC_BONUS",
  "INSULIN_INDEX_FACTORS",
  "INSULIN_PREDICTOR_CONFIG",
  "IR_SCORE_CONFIG",
  "LARGE_PORTION_BONUS",
  "LIPOLYSIS_THRESHOLDS",
  "LIQUID_FOOD",
  "MEAL_STACKING",
  "MEAL_TIMING_CONFIG",
  "METABOLIC_FLEXIBILITY_CONFIG",
  "MIN_LIPOLYSIS_FOR_STREAK",
  "MealWaveExpandSection",
  "NDTE",
  "NEAT_BONUS",
  "PERSONAL_BASELINE",
  "POSTPRANDIAL_EXERCISE",
  "PROTEIN_BONUS",
  "PROTEIN_BONUS_V2",
  "REACTIVE_HYPOGLYCEMIA",
  "RESISTANT_STARCH_BONUS",
  "SATIETY_MODEL_CONFIG",
  "SLEEP_BONUS",
  "SLEEP_QUALITY_BONUS",
  "SPICY_FOOD",
  "STATUS_CONFIG",
  "STEPS_BONUS",
  "STRESS_BONUS",
  "SUPPLEMENTS_BONUS",
  "TRAINING_CONTEXT",
  "TRANS_FAT_BONUS",
  "VERSION",
  "WAVE_PHASES",
  "WAVE_SCORING_V2",
  "WORKOUT_BONUS",
  "calculate",
  "calculateActivityContext",
  "calculateAdaptiveDeficit",
  "calculateAgeBonus",
  "calculateBMI",
  "calculateBMIBonus",
  "calculateCircadianMultiplier",
  "calculateContinuousGLMultiplier",
  "calculateFastingBonus",
  "calculateFullAUC",
  "calculateHydrationBonus",
  "calculateHypoglycemiaRisk",
  "calculateIRScore",
  "calculateIncrementalAUC",
  "calculateInsulinIndex",
  "calculateLargePortionBonus",
  "calculateLipolysisKcal",
  "calculateLipolysisStreak",
  "calculateMealNutrients",
  "calculateMealStackingBonus",
  "calculateMealTimingScore",
  "calculateMetabolicFlexibility",
  "calculateMultiplier",
  "calculateNDTE",
  "calculateNDTEBMIMultiplier",
  "calculateNDTEDecay",
  "calculateNEATBonus",
  "calculatePersonalBaselineWave",
  "calculatePostprandialExerciseBonus",
  "calculateSatietyScore",
  "calculateSleepBonus",
  "calculateSleepQualityBonus",
  "calculateStepsBonus",
  "calculateStressBonus",
  "calculateTransFatBonus",
  "calculateTrapezoidalAUC",
  "calculateWavePhases",
  "calculateWaveScore",
  "calculateWorkoutBonus",
  "checkVersion",
  "detectFoodTemperature",
  "detectProteinType",
  "enrichWithV4Features",
  "estimateInsulinLevel",
  "exportWave",
  "generatePredictionSummary",
  "generateWaveCurve",
  "getAlcoholBonus",
  "getAutophagyPhase",
  "getBMICategory",
  "getColdExposureBonus",
  "getFoodForm",
  "getGenderBonus",
  "getHypoglycemiaWarning",
  "getInsulinIndexWaveModifier",
  "getInsulinLevelAtTime",
  "getInsulinogenicBonus",
  "getLipolysisRecord",
  "getPreviousDayTrainings",
  "getSupplementsBonus",
  "getWaveCalculationDebug",
  "hasCaffeine",
  "hasResistantStarch",
  "importWave",
  "isLiquidFood",
  "isSpicyFood",
  "isValidTraining",
  "migrateWaveData",
  "predictInsulinResponse",
  "renderActivityContextBadge",
  "renderExpandedSection",
  "renderNDTEBadge",
  "renderProgressBar",
  "renderWaveHistory",
  "saveDayLipolysis",
  "scoreAUC",
  "scoreContext",
  "scoreDuration",
  "scorePeakHeight",
  "scoreWaveShape",
  "updateLipolysisRecord",
  "useInsulinWave",
  "utils",
]
`;
